init i2c:2 freq:100000

[CANMV]: sensor id = 45

[CANMV]: find gc2145

STAT l=50 a=12 b=5
COLOR yellow blobs=1
  B yellow cx=180 cy=193 w=146 h=101 px=12414 dens=0.842
     rotation=0.095
COLOR blue blobs=3
  B blue cx=122 cy=34 w=171 h=43 px=1833 dens=0.249
     rotation=1.233
  B blue cx=279 cy=43 w=54 h=38 px=506 dens=0.247
     rotation=0.284
  B blue cx=141 cy=65 w=33 h=9 px=129 dens=0.434
     rotation=3.076
COLOR green blobs=1
  B green cx=180 cy=176 w=142 h=51 px=4544 dens=0.627
     rotation=0.040
TOTAL 5
JPG_LEN 8632
B64 /9j/4AAQSkZJRgABAQAAAQABAAD/2wCEAAgGBgcGBQgHBwcJCQgKDBQNDAsLDBkSEw8UHRofHh0aHBwgJC4nICIsIxwcKDcpLDAxNDQ0Hyc5PTgyPC4zNDIBCQkJDAsMGA0NGDIhHCEyMjIyMjIyMjIyMjIyMjIyMjIyMjIyMjIyMjIyMjIyMjIyMjIyMjIyMjIyMjIyMjIyMv/AABEIAPABQAMBEQACEQEDEQH/xAGiAAABBQEBAQEBAQAAAAAAAAAAAQIDBAUGBwgJCgsQAAIBAwMCBAMFBQQEAAABfQECAwAEEQUSITFBBhNRYQcicRQygZGhCCNCscEVUtHwJDNicoIJChYXGBkaJSYnKCkqNDU2Nzg5OkNERUZHSElKU1RVVldYWVpjZGVmZ2hpanN0dXZ3eHl6g4SFhoeIiYqSk5SVlpeYmZqio6Slpqeoqaqys7S1tre4ubrCw8TFxsfIycrS09TV1tfY2drh4uPk5ebn6Onq8fLz9PX29/j5
B64 +gEAAwEBAQEBAQEBAQAAAAAAAAECAwQFBgcICQoLEQACAQIEBAMEBwUEBAABAncAAQIDEQQFITEGEkFRB2FxEyIygQgUQpGhscEJIzNS8BVictEKFiQ04SXxFxgZGiYnKCkqNTY3ODk6Q0RFRkdISUpTVFVWV1hZWmNkZWZnaGlqc3R1dnd4eXqCg4SFhoeIiYqSk5SVlpeYmZqio6Slpqeoqaqys7S1tre4ubrCw8TFxsfIycrS09TV1tfY2dri4+Tl5ufo6ery8/T19vf4+fr/2gAMAwEAAhEDEQA/AOa22/rSEO/0f1pgLi2oAcPswoEOElvQFhPMgoFYXfb+lAwEtuO1ADvPg9KAD7RD6UCsH2mH0oHYT7XF/doFYPtsfpQFhv29PSgLDf7QSgYn9prQFhn9qL7UBYb/AGsKBDf7WWgBP7WX1oHYX+1R60BYb/aq0BYYdXUUBYT+2RQMcNYWgBf7XFAC/wBrigBv9rCgBn9s0AN/tqgVhv8AbRoA
B64 X+1/egYf2r70AJ/ah/vUAH9pn1oAP7TPrQAn9pH1oAadTb1oGR/2k3PNAEZ1Fv71AFX+0096AHDVF96BDhqi+lAB/ag9KBj01PcSPYms6m2h14CEZVvfV9JP7otjf7V9qOR/zfkV9apf8+I/+T//ACYn9re1HI/5vy/yD61R/wCfEf8Ayf8A+TE/tg+lHs3/ADfl/kH1ul/z4j/5P/8AJh/a59KOR/zfl/kH1ql/z4j/AOT/APyYf2u3oKPZv+b8hfW6X/PiP/k//wAmH9qt/do5H/N+X+Q/rdL/AJ8R/wDJ/wD5MT+0pD/BRyP+Z/gH1ql/z4j/AOT/APyYw6jJ/wA8/wCdPkf835f5B9apf8+I/wDk/wD8mMOpSf8APMfrRyP+b8v8hfW6X/PiP/k//wAmR/2m3/PNf1o5H/N+X+Q/rVL/AJ8R/wDJ/wD5IZ/aTf8APFfzNHs5fzfkH1ql/wA+I/8Ak/8A8mNN+2P9Sn5n/Gj2cv5vyD63S/58R/8A
B64 J/8A5Mj/ALS/6Yx/mf8AGlyP+b8v8g+tUv8AnxH/AMn/APkhP7R/6Yx/m3+NHs3/ADfl/kH1uj/z4j/5P/8AJi/2j/0xj/Nv8aPZv+b8v8g+tUv+fEf/ACf/AOTJo7t26Qp/49/jRyP+b8g+t0v+fEf/ACf/AOTJPNk/54x/r/jS5H/N+QfWqX/PiP8A5P8A/JDGlZesKf8Aj3+NHI/5vyD63S/58R/8n/8Akiqb7DY8iP8ANv8AGnyP+b8v8g+t0f8AnxH/AMn/APkyeO5Lf8sY/wDx7/GlyP8Am/L/ACD61S/58R/8n/8AkyYOxP8AqU/8e/xo5H/N+RX1in/z4j/5P/8AJk5tpDI+3OM8U6TvBNmWPpRpYqpCOyb/ADGvay471ocpUkhmX1oAj2PjLcCgQIru2BQBoQWp6ZoAt/2c1AANOOaBkq6caAJl0wGgB/8AZVAhv9lUANbTVHagZD/Z3NIDnhGv+1TAmEUX940ATpZK3SgRKNO9s/SgZJHp
B64 +xueOCKir8P3fmduX/xX/hn/AOkSEXTCei/ia0OEl/snjmkBC2nrnr/3zVWAQaf7Yp2AlTTGfoKNALS6OB15NSBL/Zi0AVp4IohVxiBmyQ7zWvKAgs80uUZILEAZosBn3OM4WpkgK2ypsIUQ7qkCwLMx4aT5B71XKBp2ccdZtFI11tU20gsZGqlI12rTEYGPmzVWuBet2FDQ4m3aRButQzoNeGJcZrKj/DRtmn++1v8AE/zJTAprY4CnLaLnpQBj3dsQ2arcCuP3Q9DTEa+nIZDzUsDX8ukMd5YoAcABQAoYUxEyuDSGOoAhZMnpQBH5Y9KAObFmW7YqgJ4rCIHOM/WkIuCNVHakMN4PA5/3adhCFWz2X+dZ1fh+78zuy/8Aiv8Awz/9IkSqNn/2Va2OEY3PvTSAVYS3SquBYjtVHXmouBPtFAhjuqdaLDMy5vT91a1UQM85c5NWMekeaAJhHikAXcLRwof+ei7hj6kf0rKNRSbS6f8ADmcKqm5Lt/lf
B64 9TDmjpllfFIZYimES/L1Hc0CIpZjMcsSfrTAntZ9hpMZuRXgWLJNZ2NEjA1CfzZKpGbKVagSRNtepBG/YzVkaxNuJvlFYUf4aO3M1/tlX/E/zJS9bHnWF4Yc00IqTwUxGQ1i08/Si4G7BbeVb++R/Osqvw/cduXW9t8pf+kssGMD+9/30aPZL+mx/wBoVe0f/AIf/Ijdg/2v++jR7Jf02H9oVe0f/AIf5ETlR/e/76NP2Mf6bD+0KvaP/gEP8ivls9/zqvZQ/psP7Qq9o/8AgEP/AJEer+7fnS9iv6bD+0K3aP8A4BD/ACJUcerf99Gp9kv6bD+0KvaP/gEP8idH+dsE9B1NTBWm1/XUvE1Pa4WnUaV7y2SX8vYk31seeZptpR1U0CGeVcn7sW33NMYotG/i3MaQiUQkDnP0FMBrccBazq/D935ndl/8V/4Z/wDpEhAjvWpwlhIAOtFwJhxSAMgdaQytLcY6cVaQjNnuCeBWqGVcZqgJUipAThaQE0JW
B64 NstEkns2f6VlUi5L3XYyqQclZSt9363NCdoTBa5soD+67l+Pnb/arzqVGfPU/ePf+7/KvI82hQqe0q/vXv8A3f5Y/wB0wbuzxyBXopnrGPLBjkdKYyttoEKBTGL0oAe0zbNtKwXK9UtBCUwCpAv2UuDWdhpnSQydRWNL+HE9PMf99q/4n+ZY31ZxMcpzVGJJgkc0CCMKh6UAPdht/EfzrOrt935ndl/8V/4Z/wDpEh5NaHERmgBgj82QIoyzHApSmoRcpEVJxhFzlsiGqKG0DEBpgPVvmNZL+I/l+p2z/wBxp/4p/lAm3VZxGwFoJF2e1AxwSgQvlD0oGRzwqIx8v8af+hCoq/D935nbl/8AGf8Ahn/6QyfyE9K0OEPssZ/hoAQ2cR7UARHTYmphcrSaGj96dwK58ODs5p8w7jP+EdI6NRzBcT+xJu1FwI/7KnHai4Df7PnX+CgB6W0g6oakBzWxx92kBlXWn55UUAY09oQeBg+lUBVKEVSAbtoGHlnH
B64 SgBmymBGVNFxCVIEsHDVIHRwn98/+9WVH+FE9DMf9+rf4n+Zc71Zytl6BAaDImMdAiJkNAFeTis6u33fmduX/wAV/wCGf/pEhvnYrWxxCieiwF7T3tzd2+Uk3+YOd/HX6VwY6NX2NSzVrPp/wTzcxVb6vVtJWs+nl6/oV5BAV/dJIp/2nz/Summqt/fa+7/gnXTjXT/eST+Vv1ZAVrU6Bm2gBRw1Zr+I/l+p2z/3Kn/il+UCcVocRuUEjqAHCgY8UAMmjLxYTG7cDz7GlUTcdDpwVWFOreptZr700Aa5/wCeMX/f0/4VN6nb8f8AgF8mB/5+S/8AAV/8mLm5/wCeMX/f0/8AxNF6nb8f+AHs8D/z8l/4Av8A5Mdm6/54w/8Af0//ABNF6nb8f+APkwP/AD8l/wCAL/5MX/Sv+eMP/f0//E0/3nb8f+ALkwP/AD8l/wCAL/5MX/Sv+eMP/f0//E0v3nb8f+AHJgf+fkv/AABf/Jh/pX/PGH/v6f8A4mi9
B64 Tt+P/AFyYH/n5L/wBf8AyYv+lf8APCH/AL+n/wCJovV7fj/wB+zwP/PyX/gC/wDkxf8ASv8AnhD/AN/j/wDE0Xq9v6+4OTA/8/Jf+Ar/AOTD/Sv+eEH/AH+P/wATR+87fj/wA5MD/wA/Jf8AgC/+TE23X/PvB/39P/xNF6vb8f8AgC5MD/z8l/4Av/kw8u4/59oP+/p/+JovV7fj/wAAOTA/8/Jf+AL/AOTDyrj/AJ94P+/x/wDiaP3nb+vuDkwP/PyX/gC/+TIXs5n628H/AH9P/wATRer2/H/gByYH/n5L/wAAX/yZXfRzJ/y6wf8Af0//ABNF6vb+vuDkwP8Az8l/4Av/AJMqv4aD/wDLtB/38P8A8TT5qnb8f+AHJgf+fkv/AABf/JkJ8KLn/j3i/wC/h/wo5qvb8f8AgD5cD/z8l/4Av/kxD4WP/PJcegk/+tRep2/H/gBy4H/n5L/wBf8AyZBN4ZmbiNEjH+yafNV7fj/wA5cD/wA/Jf8AgC/+
B64 TM9vCE/96jmq9vx/4A+XA/8APyX/AIAv/kyA+FLgfx/+O0c1Tt+P/ADlwP8Az8l/4Av/AJMZ/wAIzcK3U/8AfNK9Tt+P/ADkwP8Az8l/4Av/AJM0otKug7Ep1NVTXLBIyxlaNbETqx6tssrYzbvu0znuXI4HXqtICXaaAGFKAK08fy/iP51nV2+78zuy/wDiv/DP/wBIkU5Y+a2PPK4Ug1YXJkcoQQcEdDWbgpKwnaS5WAegu5IHpDF3CgBABuNZr+I/l+p2z/3Gn/in+UCStDiN0UEjxQA4UxjsUCHAUDFoEOpjHUCFpAOoAUUCHYoAcBTAMUCFxQBFNN5Oz92zl22gLj696iU+U6MNh/bc3vWS11v3t0v3G+fL/wA+U/5p/wDFUud/y/l/mbfVKP8Az/j/AOT/APyA4TSYb/Q5hj3Tn9aylXcXFcu/oc9WnSpzhH20fedvt6aN/wAvlYZ50v8Az5T/AJp/8VWvPL+X8v8AM3+p0v8An/H/AMn/APkB
B64 wuD5iI9vLHvOATt9M9j7Uvaa2aG8EvZynCqpcv8Ai726xXcsba0OENlABsoAbspgHlikA3yV9KYB5K+lADfIX0oAT7OnpQAw2y+lIBjWi0DK13ZjycgE/MvQZ/irOr8P3Hdlv8azfSX/AKSys1vA38E3/fh/8KftY/0mH9n1u8f/AAOH/wAkRGyg/uS/9+X/AMKPbL+kxf2bV7x/8Dh/mM+wwf3Jv+/L/wCFHto/0mH9nVu8f/A4f/JDTYw/3Jv+/T/4U/bR/pMP7Ord4/8AgcP/AJIjNlH/AHZf+/TUe2j/AEmH9n1e8f8AwOH+ZEbTHQS/9+zS9tH+kx/2fV7x/wDA4f8AyQwWjsxxu/EYqYazb/rqa4mHssLCm2r3ls0+kewv2WatDzjdFADqYx1Ah9MQtIY4UxDqAFoAeKAFxQA6gQ6gBaAFoELigCvdK+6B0jaTZJkhcf3SO/1rOpfRo7sG4WqwnLl5l5/zRfS/YPtEv/PjP+af/FUe0l/L+X+Y
B64 fVKP/P8Aj/5P/wDIDxPLz/ocw49U5/8AHq8+rh/ehZS3/mfZ/wB48rEZRQVSlav171dPdl5fIb9ol/58Z/zT/wCKrsh7isov77/qehTy+hTVlXX/AJUf5xGnzZri3/0WSNUcsWYr/dI7H3qnzSa0OuMKNCjV/ep3VtOb+aL6xXYuYrY8sMUDDFAgxQMTFMQbaQwxQAbaAExQIbigBMUDExQAmKAEK0AJtoAbtoAQrQMbspARmJT2pgN8hfSkMiFIBaYEgFADqQxaYh1MBwFADqAHAUAOoELQAtAh1AC0CHUDCgBaBC4oGGKAFpALTASgQUxhikAUAFIBMUwEoAKAEoAMUANoASgBKQCUwExQMbQA3FIYmKAGYoAqUhjhTEPHSmAtSMeKYh1AhaAHigB1ADqYC0CFpAOpAOxTGFAhaAFoAWgBaACgAoAKACgAoASgQUDEoEFAwoGJQAlACUCEoASgBtMBKAG0hiUDEoGM7UCKWaQC0DHigQ4UAOoAWgB4
B64 NMQ9aQ0LQA+gBRTJHUALSAdQMWgBaAFoELTEFAC0DCkAUwCgBKBBSGJQAlMApAJmgBKBBQMTNACUwEoAbmgBKBjKACkMbmgBDTAoUhDs0DFoAfmgB2aBDhQMWgQ8GgB1ADqBDgaBjqYh1AC0AKKQDqBhQIWgAzQCFpgFIBaBDaBhQAmaACgaEoJCgYlAhKYCUDCgBKAEoGNpCG5oGJQA2mA2kAlAyjQA6gB1AxwoEOFAh1MBwpDHCgQ8UALQA+gBwoEOpgLQAtIB1AgoGLQIWgYUALQAUwEpDEoEJQAlAgoASgApgJQMSgBKYCUhjaCQpFDaAG0xDaBiUhiUAUhQA8dKAFoAUUAPpgOAoEOpDHUAOFAh4oAcKAHCmA6gQtACikA6gBaBiigQtAwpgFACUAJSASgQUAFACUAFACUwEoASmAlAxKQhO1AxKQhtMY2gBKAG0DEpAU6AH0DFoAcKYh9AC0hjhQIfTEOHSkMfQA4UwHCgQtAC0gHCgB1MAoAd
B64 QAUCCgBKQwoAKAEoASgAoASgAoEJTGNoEJQAUAJTGJSASgY2gQmKYxKQDKYCUgKgpDFoAUUAOFMQ8UDHUgHUCHimA4UgH0AKKAHUxDhSGLQA4UALQAtAhaACgQUAFAxKAEpDCgBKACgApgNoEFACUxCUDEpgJQAUDEpCEoGN4oGJQBHTJEpDKQNIB1AxRQA6gB4agQ6gY6gQtADwaAH5oAdQAtADqBEFyz5gRJCm+TBK4/uk9/pUVL6JHbglDlqTnHm5V5/zRXS3cd9nl/5/rj8k/wDian2cv5vyH9bo/wDPiP8A5P8A/Ji/Z5f+f64/JP8A4mjkl/N+Q/rdL/nxH/yf/wCSD7NL/wA/1x+Sf/E0uR/zfkL61S/58R/8n/8Akxfs8v8Az/XH5J/8TRyS/m/IPrVL/nxH/wAn/wDkxphkH/L/AHH5J/8AE1L0+1+QfWqX/PiP/k//AMmRlX/5/p/yT/4mueVe32vyK+s0v+fEf/J//kxuJv8An9n/ACT/
B64 AOJrB4qXcf1il/z4j/5P/wDJjf3/APz+zfkn/wATUfWqncf1ij/z4j/5P/8AJB+//wCf2b8k/wDiaPrVTuH1il/z4j/5P/8AJCjzf+f2f8k/+JrVYp9X+RP1in/z4j/5P/8AJDwrH/l+uPyT/wCJreNaL+3/AF9wvrNJf8uI/wDk/wD8mO8mT/n+n/JP/ia6FG+0vyF9bpf8+I/+T/8AyYvkS/8AP9P+Sf8AxNV7N/zfl/kH1ul/z4j/AOT/APyYfZ5f+f6f8k/+Jo9m/wCb8g+t0v8AnxH/AMn/APkxPIl/5/p/yT/4mj2b/m/L/IX1ul/z4j/5P/8AJifZ5f8An9n/ACT/AOJp8kv5vy/yD63S/wCfEf8Ayf8A+TE+zyf8/s/5J/8AE0cj/m/L/IPrVL/nxH/yf/5MimWaFVcXcrfvEGCF7sB6VEuaOvMdGHnRrtwdFLSX83SLf8xczWx5YlABQA3NADaYhuaBjaAEoGUakQuaYDgaAHUDHUCHZ5oA
B64 fmgB1ACg0AP3UAPBoAdQMWgRXuWCyWrMQAJDk/8AAGrOo9Y/10Z3YKLlCtGO/L/7fAf/AGhZ/wDP3B/38FHtqf8AML+zMd/z5l/4CxRqNn/z9wf9/BS9tT/mD+zMd/z5l/4Cw/tKz/5+4P8Av4KTr011D+zMd/z5l/4CyFtTtv8An5h/77FclTFLoUsqxv8Az6l9zIjqFuf+XmL/AL7FcLq3L/svGf8APqX3Mb9ttv8An5i/77FZXH/ZmN/59S+5h9ttv+fiL/vsUh/2bjf+fUvuYfbbb/n4i/77FIP7Mxn/AD6l9zD7bbf8/EX/AH2KYf2ZjP8An1L7mJ9ttv8An4i/77FFw/s3G/8APqX3MX7bbf8APxF/32Kdw/szGf8APqX3MUX9uP8Al5i/77FaRquOwv7Lxn/PqX3MkGp23e4h/wC+xXfTxn8xm8qxv/PqX3Mk/tGz/wCfqH/vsV1/WKb6k/2Xjf8AnzL/AMBYf2haf8/cH/fwU/b0/wCYP7Lx
B64 v/PmX/gLD7faf8/cH/fwU/b0/wCYP7Lxv/PmX/gLE+32f/P1D/38FL21P+YP7Mxv/PmX3MinuoJogIpo3PmR8K2f4xUznGS0fb8zqwmDxFGblUptLlnuv7ki5W55IlADc0CEzQA3NMBKQCUANoGZ9ADs0AOpCHA0xj6AFoAcDzQA8GgB1ADqBCg0CHigY/tQBR1b/j1H/A//AEW9cuK+H+uzPcyD/eH/ANu/+nIF+uo8MQvispzsCK7S15lasXFEea5DQTdU2AM0hhmgQmaBi5oAM0AGaADNAhc1aAcHxW1OrKJFiUSZFerSrcxmx+a6ACgChfH/AEiD/P8Ay0jrmrfEv66o9zK/93q/1/y7ql3OK6TwwJoAZmgAzQAlACUDEoAbmmBnqc0gHCgB4pAOFMQ6gB1AxaAHA0CHigB1ADhQA4HFAC0AU9V/49h/wP8A9FvXNivh/rsz3Mg/jv8A7d/9OQLxOBW8nY8Qru9eXXqFJEVcVzRIKkBKACkAtAxK
B64 AQtABQAlAC0wCmIWi4Cg4rWE7E2JkfNerRrXM2h1dQije/8AHxB/n/lpHXNW+Jf11R7eV/7vV/r/AJd1S7XSeGJQMSgAoASgYlACUwGUAUF60gJKAHCgBaBD1oGOoAWgBaAJBTAdSAWgQtADqAKeq/8AHv8A99/+i3rmxXw/12Z7mQf7w/8At3/05AtO1TWkeIiCvJk7myErMoSkIKACkFgpjCgB2392T6Gov71jnlUarxpd0/wt/mNqzcKACmAtABQCCqAcDW1KdmQ4kyGvXpzuZlO9/wCPiD/P/LRKit8S/rqj2sr/AN3q/wBf8u6pdxXSeIFADaACgYlABQA3tTAaVoAzY80gJhQA4UgHUxDhQMdQAtADhQA9aYC0gFFAC0CHUAUtU/49h/wL/wBFtXLivh/rsz3Mg/3h/wDbv/pyBYc1xYiWp48SKuI1CpGFAgpCCgoKBCj2pEuKkuWRJ5z+Wf3jZyO9ZewjzbHmvK8P7eL9kuWz6Lyt+pGSW5Jr
B64 VJLY9GnThSjywVkFUUFAwoEFMYUwFFUhD1rtoVDNla9/4+IP8/8ALRK6qvxL+uqPYyv/AHer/X/LuqXxXWeGJTASkAUwEpDEoASmAw9KAM4UgJBQA6gBaAHigB1AC0AOFADgaLgOzQAooAdQIKAKWqf8e4/4F/6A1cmK+H+uzPcyD/eH/wBu/wDpyBMxrzKzuzyojc1gWFIAoAKACkAtABQA7HyFvep5teUwdW1aNLum/ut/mNqjYKYwpAFMApgLQAlMQ4VrB2JZXuz+/g/z/wAtEru5r2/rqj1ss/gVf6/5d1S/XonhC0ANoASgYUAJQAlMBlAGcKkBwNMB/agBRQA6kA7NAC5pgPoAXNAC0AKDigB4bigBc0gKWqH9wP8AgX/oDVyYv4f67M9zIf8AeH/27/6cgPJrzJ7nlIbWRQuaQC5oAN1ABmkIM0rDDdRYlxurE/nnyW+5nI/hHvWHslzr/gnlywEfrMfitaX2pf3fMhL5Oa3UbHpwgoLlX+Yb
B64 qZYbqAFzxQNiA0xC7qYBuoGLmqRLK9yf38P+f40rrg9V/XVHrZb/AAKv9f8ALuqaGa9Y8EM0wCgBM0AJuoAQtxQAzNADaAKANAC0AKDQA4GgB+aAFzQAuaQDs0AOzQAuaYC0gHZoAM0AQXWJPJVuhYj/AMdNc1foj0cvqSpqrOO6S/8AS4EPkp6yf9/GryZ7lrH1e0f/AACH+Qnkr6yf9/GrMr6/V7R/8Aj/AJB5Kesn/fxqQfXqvaP/AIBD/IXyU9ZP+/jUw+vVe0f/AACH+Qnkr6yf9/GoF9fq9o/+AQ/yDyV9ZP8Av41If16r2j/4BD/IPJT1k/7+NQH1+p2j/wCAQ/yDyU9ZP+/jUB9fqdo/+AQ/yF8lPWT/AL+NQH1+r2j/AOAQ/wAg8lP70n/fxqA+v1e0f/AIf5B5Kesn/fxqA+vVe0f/AACH+QvkJ6yf9/GoD6/V7R/8Ah/kHkJ6yf8AfxqA+vVe0f8AwCH+QeQnrJ/38amH1+r2j/4BD/IP
B64 JT1k/wC/jUB9eq9o/wDgEP8AIPIT1k/7+NQg+v1e0f8AwCH+QeSnrJ/38aqD6/V7R/8AAIf5CPEqAON2dy9WJ/iFdFM2w+Lq1JODta09kl9iXZF7ea9lHhhvpgJuoATNABmgAzQA3NACZoAz1oAfQAUAOoAdmgBwoAWgBaQC0ALQIcDQMXNAC0gIZvvwf7//ALKaxq7o7sJ/Cr/4f/b4jT1rzKvxHPEKwLQlSAUAGaQgzQMXNAgpjAUhC0xhQCCgYuaYCUgFpiEoAWqAZMf3Y/31/wDQhXRA6cF/Ff8Ahn/6QywDXrI80N1UAm6kAZpgJuoAXNACE0ANoAoCmBIKAFoAdQAtAC0AOFADqAFzQAUALSAKADNICGVvnh/3/wChrKpvE7sJ/Cr/AOH/ANviJu+avPxK1OWIua5TQKQC0gEpAFABTAKkBc0wFoGFAWFpgFAwoAKACgBRVCGT/wCrH++v/oVdcFodOC/iv/DP/wBIkSV6iPNDNUAmaACgAzQA
B64 ZoAKACgCjQIcDQMfQA6gBaACgB4oAdQAUAFAC0AGaQDC1AEEp+aL/e/oaynvH+ujO7Cfwq/+H/2+I1nw1c2IVzkiTDkV5rNBaQxakYUxBQAUDCkIdTKCkAUALTGFAhaYxKACgQVohEc/3B/vr/Ou2Mfd+46MC/3r/wAM/wD0hklegecFACUxiZoATNAgoAXdQAbqAKOcCgCNZmz80Z+tAFlaAJM0ALQAUAOpALTAWgAzSGLQIYWoAiL0AV5X5U+hrGppZnoYFc0asL7x6tL7Ue5G0oPr+Vc9SaaKjl9XvH/wOH+ZJDcDoc/lXBIr6hV7x/8AA4f5ljz1/wBv/vg1mV9Qq94/+Bw/zF85fR/++DSD6hV7x/8AA4f5ieevo/8A3waA+oVe8f8AwOH+YvnL/t/98GgPqFXvH/wOH+YvnL6P/wB8GkP6jV7x/wDA4/5h5y+j/wDfBpi+oVe8f/A4/wCYnmr/ALf/AHwaA+oVe8f/AAOH+YonX/b/AO+DSH9R
B64 q94/+Bw/zF85PR/++DQP6hU7x/8AA4/5i+eno/8A3waYvqNTvH/wOP8AmHnr6Sf9+zQH1Cr3j/4HD/MXz19JP+/ZoH9Rq94/+Bw/zE89fR/+/ZoD6jV7x/8AA4f5h56+j/8Afs1QvqNTvH/wOH+Yn2hP9v8A74Na0yPqNXvH/wADh/mMeQOAAHzuX+A+tehfSyNMNhpUZynNx+GX2o/yvzJ66jyAzTENoASmAlAwzQIM0AGaBn//2Q==
JPG_END
>>> 