=== CAPS ===
sensor module: True True
init i2c:2 freq:100000

[CANMV]: sensor id = 45

[CANMV]: find gc2145

IMG 320 x 240
HAS find_blobs True
HAS find_circles True
HAS find_rects True
HAS find_lines True
HAS get_statistics True
HAS compress True
HAS save True
HAS to_bytes True
HAS copy True
HAS draw_rectangle True
HAS histogram True
SAVED /sd/_shot.jpg
JPG_LEN 10382
B64 /9j/4AAQSkZJRgABAQAAAQABAAD/2wCEAAgGBgcGBQgHBwcJCQgKDBQNDAsLDBkSEw8UHRofHh0aHBwgJC4nICIsIxwcKDcpLDAxNDQ0Hyc5PTgyPC4zNDIBCQkJDAsMGA0NGDIhHCEyMjIyMjIyMjIyMjIyMjIyMjIyMjIyMjIyMjIyMjIyMjIyMjIyMjIyMjIyMjIyMjIyMv/AABEIAPABQAMBEQACEQEDEQH/xAGiAAABBQEBAQEBAQAAAAAAAAAAAQIDBAUGBwgJCgsQAAIBAwMCBAMFBQQEAAABfQECAwAEEQUSITFBBhNRYQcicRQygZGhCCNCscEVUtHwJDNicoIJChYXGBkaJSYnKCkqNDU2Nzg5OkNERUZHSElKU1RVVldYWVpjZGVmZ2hpanN0dXZ3eHl6g4SFhoeIiYqSk5SVlpeYmZqio6Slpqeoqaqys7S1tre4ubrCw8TFxsfIycrS09TV1tfY2drh4uPk5ebn6Onq8fLz9PX29/j5
B64 +gEAAwEBAQEBAQEBAQAAAAAAAAECAwQFBgcICQoLEQACAQIEBAMEBwUEBAABAncAAQIDEQQFITEGEkFRB2FxEyIygQgUQpGhscEJIzNS8BVictEKFiQ04SXxFxgZGiYnKCkqNTY3ODk6Q0RFRkdISUpTVFVWV1hZWmNkZWZnaGlqc3R1dnd4eXqCg4SFhoeIiYqSk5SVlpeYmZqio6Slpqeoqaqys7S1tre4ubrCw8TFxsfIycrS09TV1tfY2dri4+Tl5ufo6ery8/T19vf4+fr/2gAMAwEAAhEDEQA/AMYfC7xF/wA+af8Af5f8ak47j/8AhVviLH/Hmn/f5f8AGgNSQfC7xF/z5L/3+T/Ggdh3/CsPEf8Az4L/AN/k/wAaAsx3/CsfEeP+QeP+/wAn+NA7MT/hWHiPP/IN/wDI0f8AjSHZi/8ACsvEn/QN/wDI0f8AjQOxZtfhr4gEoEmnbU7t5sZ/9mosKzLA+HWvCXP9m8f9dU/xp2J5WWT4B1wj
B64 /kH/APkRP8aonlkZ3/CtfEP/AEDD/wB/U/xqbF2Yn/CtfEH/AEDD/wB/E/xpWFaQn/CtvEH/AEC2/wC/if40BZk1v8O9fjlUnTXx/vr/AI0yWmaF14H1mQfLp7/mK05jKNOZXj8Ca0OunSfpS5h8kywPBWrj/lwkp3RPJMkTwZq3/PhL+VF0L2c+xHfeC9Wk8rZp0xxntSk10KjCfYZH4L1UA506fP8Au1JXLLsSN4O1T7bv/s+faFx9z61I+WVjQ0jwneR3MP2iyuUQMScJQHJI2L3wiLjlWu4x/d8sH+lXcPZvsUYfBtyjn95cgH/pjQTyeRbPhAPnIn6f3O9F2Hs32Hr4OhTpHNj0xRdh7Nkb+EM7donGOvydaOZi9l5CjwcjPz56/wDAKLsPZmff+CrsP/o0j4946OYPZlb/AIRW8GwGCY4+/iPrRdi5BD4TnYj/AEa7Uf7lHMPkHweEPvedFdN6fu6Vw5CT/hDoTn91eD/gP/1qfMx8hZ/4RKCO
B64 3Plx3AYjGdv/ANakpsXIUP8AhCoNh3C8P/AOn6Ucw+UryeC7f+Fb7/vj/wCtT5hcpAfBEZH/AC+f98//AFqOYXKxE8DwD/n5/L/61LnFZkM3ghOcfaP++f8A61PnJ1K3/CFRKc7J/wAqLiuz19XFSdRKGFAyQGgsfmgocDQAuaRQ6quIcDQWmPzSC4tMBaYhaADNABQAuaQxc0DuJQSUGuZheBAJNm/H3OK6OSPJc811q3tuXpfsaLE7flGTXMemBLdhQA4dKAFoGJQBj32tx2ryRlWDoe/eok7E8xJp2pjUDLtU7UxziinJsL3JkuQ1wYsPkdynH51K9rfXYOeLdivc3U0d6kSghCvB2ZyfSurTkucVeVb2lobF12IT5etYVG0vdO+Nr6lPUJ54dFuZUP79YWKlVzzj0pU3Lk94irZP3TH8LajeXrXH2uaWTaq48yLZzz7Cpg5v4jCjJvcvRXF8NVeOX54mY7diYWNPc92zW9upfO+exelllV4hHEHU
B64 n5iTjFSW2xty7pCzQrvfsvrTjZvUmbaj7pFPIUt2buBWbInJqncr283mM/7wunGMripM8PNyvrcmLUzpIiaBELOKCCAkUEkLEUzJniQ+I3iMf8xI/wDfpP8ACqNOUkX4keI/+gmf+/Mf+FMdiRfiV4j/AOgp/wCQo/8ACkFiQfEvxJ/0E/8AyDH/APE0DHD4l+JP+gn/AOQY/wD4mkA7/hZfiT/oJ/8AkGP/AAoAf/wszxH/ANBL/wAgx/4Uajux4+J3iP8A6CP/AJBT/CgLjx8TvEX/AEEP/IKf4UxXZIPih4i/5/1/78p/hSC7JP8AhaPiD/n9T/vyv+FAczFHxS8Qf8/af9+VpahzMd/wtLX/APn6j/79LTDnYv8AwtPXv+fmP/v0tMXOx3/C1Ne/57Q/9+xTuHPIcPirrn/PWH/v0Kdw55D/APha2t/37f8A7907i55B/wALW1z+9bf9+6Li55Dv+Fra1/et/wDv3RzBzyHf8LW1n/p2/wC/dLmD
B64 mkL/AMLW1j/p2/790cwc8u4f8LW1j/p2/wC/f/16XMPml3Gn4r6z/wBOv/fv/wCvT5g5pdyJvizrf/Tr/wB+/wD69Fw5pCD4s65/06f9+v8A69Fx80u4f8LZ1r0tf+/f/wBelcV5Cf8AC19bz/y6f9+//r0+YXNIX/hbOt/9On/fv/69FwvIYfizrn/Tp/37/wDr0XF7w3/hbGuf9Ov/AH7/APr0rjvIQ/FfXPW2/wC/f/16VyrsYfinrTHJNt/37p3ENPxV1sjG62/790h3Y0/FTXPW3/790h3ZF/wtLWxxm3/790guN/4Wjrf9+D/vimO4w/E7W/78H/fukF2RH4l61/fh/wC/dFhDP+Fk61/z0h/74oJIz8R9ZP8AHD/3xTJ5Tg8mqNhd1Axd1IBdxoAXeaAHbjQIduNAg3GncBfMakAvmNQKwvmGgQvmmgA840wF840AL5xoEHnGgBwmNAC+aaBC+a1IA85qYCeefWkMb9oNMBPtBoCw3zzQMlWd
B64 NnP3qQWH/aE/vLn6cUhC/aI8Y/z1oAjaUbOGyaYEXmmgBPMagBN5pDE3mmMN59aQBuPrQAmTQMTJpgJk0DE5pCE5oGHNAHef8K7j/wCgi3/fn/69Z85h7VmTq/g2XTB54kae2H33VeU/4D6VSkUp3M7TNGg1G/W2a98nf9xvL3bv1p8wOQmq6IdLv3tWcvjo23GRS5iucggsoXPzzFP+A5p3ByN/T/ClnfLxq2w+8H/16jmM3UZrj4cJ/wBBI/8Afn/69PmFzjJvh7HDEX/tE/8Afn/69PmFzlP/AIQqP/n/AD/36/8Ar1POHtTJutChinFvbXTXU5/hWPp+OarmLUu5pReCmMYMl5sbuBHnH60ucn2pKPA4/wCgh/5B/wDr0c5PtStfeFrLTk3XWsBfRfJ5P4Zp81y1O5Fp/hO4vX3HfBb9mlXDH/gNHOJzNT/hBU/5/wA/9+v/AK9LnJ9oc/NpVvZyXUd7dNDJD90CPd5n0qjTmLmj+FpdQt/PuHNu
B64 jfc+XJb3pc3YmVSxrjwLGf8Al/b/AL9f/XpcxHtR3/CCR/8AP+3/AH7/APr0czH7Qb/wg0f/AD+v/wB+6OZi9oZur+GbfTLIzteOW6Km3rTUmXGdzJ0PSH1m8aMEpCgy7/ypt2LnLlMu4HlOVz0qzQrGQ1Vh2E85qLBYermkI6bQfD6arBJI87JtOOBWMmYynZmz/wAIVB/z9P8A980uYj2of8IXb/8APzJ+QpczF7QX/hC7Y/8ALzL+VPmD2g1vBVtt4upfyo5h+1M3R/D1vqVq0jzSKytjC0c5TmaS+DLTP/HxP+lLnYvaMX/hDbPtPN+lHOL2rD/hDLX/AJ7zfpRzD9oL/wAIZZf89p/0p8we0Yv/AAhlj/z2uPzH+FHML2jE/wCEMsv+e0/5j/ClzD9ow/4Q2x/56T/mP8KXOw9ow/4Q+w/56XH/AH0P8KOcPaM7qpMznvGVz9n0JowfmncJ+HX+lVE0gcZJok1rpFpqasV80nP+z/dqr3Lvc63T
B64 Nc0zxBbJZ6giC5/uyfxH/ZNTsZ2cSHUPBCnL2EuP+mcn+NO41MxItF1eG6MQs5d3cdj+PSnoNtHXR+ILq1TbqGl3KbeGkUcGpIsNn8TRXMJW2s7qX6JQFjOa31TUf9aRZQf3RyxoFdI0LLTraxjxAnXqx6mghu5NLPDbRl5pFjQdzQgsZX2y91U40xfIt+91Iv8A6CKNEXtuX7DRrWzfziDNcnrPLy3/ANai4nJmjtpEGbq+rxaVbbm+aVvuRjvVJFpGEvhy/wBTjfUb6b/TDzFEeij0p83QvmWxt6brUc7/AGW8HkXg4Kt/FSM2rGttwcikQPoGQ3M8VvA00zhFXqae40ed6rfT+ItWS3tlOPuxrV7HQvdR22laZFpWnpbR8nq7f3jWRg9TyrUOLmT610nYZxqixKBksXWkyT0LwX/x5XH+8K52cdTc6kDNSZkmKBjfekAyTlSvrTBHIeErrbcSwH+Ncj8KuRpUR12OKgzFxQIMUDDApAFAwC0AJQAm
B64 ykM1aYzhPFUj6n4gt9OiP3MJ/wACb/Iq1ojRaI7GXTYZtLOnlf3Pl+WPb0qUZrQ8+0qGK11t9M1OFXhkby2z/C3Yj/PerZpLujsVtNY0j/j0l/tC1H/LGY4kH0apJ0Lln4gsbl/JkZrW47xXA2GgRsCgkr3o/wBHbpx3NAGDceJ9Mt22t857BArZ/KixSiYeo+NpVkMNtaJbdi86ZYf8BqrFKmVbXV9B84XGoveX9x6zRjYPoucUaj5ZG4PG+if3Jf8Av0KOVkezY8eN9E9JP+/VHKw5GL/wnGiekn/fqjlDkZz+na1p8+tzanqmS4/1MSrkLTZTT6HSf8Jhov8Atf8Afqp5SOVmdqmv+F9STbceYHHSRI8MKfKykpGIPEb6fxZat58I/hmh/T/Jp8o+UlPj+9xgR2i+/ln/ABo5R+zMfVNYmvlR57wzSH+ELhVqkioo6DwxqegaNa7pnaS8k++/lnj/AGRUPUiSkzebxpoA6lv+/RpcpPKzy7UW33Tn
B64 3rY6UZtWaBQBJHQSdx4U1zTtKtZlvzy7Db8pNc7jc5pxdzox4z8Pj+L/AMhtS5COSQf8JpoP98/9+zRyD5ZCf8JloX/PRv8Av2aOQOSQw+MPD/8AfP8A37NHIHJI5R9RtI9TN3ZNlUuNyfLjKnkj+dVY0aOsPjDRI/lYv/37NRymfIxP+Ez0H+83/fs0crD2chP+Ey0L1f8A79mjlY/ZyE/4TTQv+mn/AH7pcrD2cg/4TTQ/+mn/AH7o5WHs2J/wmuiekv8A3xRysPZsP+E10X+5N/37osx+zZPB4t0ucgRwzHP+wP8AGp1JcbG1cXkdrYPdyfcVN1MSOR8IWj3+r3GqTc7CefV2/wA/rVyZc+x3lSQcN430/wAq4i1BBxJ8kn17fp/KrRojqdBv/wC0tIhuM/PjbJ/vCoMy7c2NtfR7LmBJR23Dp9KYXM7/AIRe0Ti1ur61T+5DPx+tAXHDwppjczpLcv8A3ppTQO5oQ6faWefs1tDDnr5aAZoEeUeL
B64 Itmv3Huc1qjaLKGmWKXTO8p+SPHyj+KqirsVSfKa4sLTH+px9DWnszm9oxDpdmR0l/Aj/Cj2Y/ayM3Ure3tnRIN2e+6pkrG1Nt7kNqoMmKyZTL80G1f+AZpIlMzd0Q+9jNUaajN8HotAtRHeIJwo/KmMZCYsZfGaAZbiiB6VJFyOaPa2CPzoKRTuv9YatFxKmKpFiYpjJFFSSXU8vyP3uOKgzDYG/wBXFgerUFCCA57N7UxXEePnIGB6elAyBhimMfAeq0EsnnTzIdwHzL1+lSgRS5qyw5oAsqFKcrUElckqasoUZNADhvHUEVIHRaCmZ4Cf+eg/nWEzCp1N3xLqUk8VtpcOSx++PU9hTiEVY63RdNGlaXFbcb+rn1apMzSoAoazp/8AaWkz238ZGU/3u1Uikcp4GvvKvJrBzxINyj/aH/1v5U5dwkd8KRA+kA6gBrdKBnl3jKDGqb/WtIlxKWkxbbR2/vPj8v8A9db0zOozQC1tcwElZYYy7dBSuOJh
B64 SxNNA924+++FrJ66nTF20EsoRkk1iymaEoiKY/2aCUY80O2QjrVFpkflj0pDGiIvyRx2pjJFg56UhXNIRFUK9s0jMq3cRY7iB1popFG5j+emWit5dO5Qmz2p3HceI+aQibysqKRNxPKoAPKoHcXYV9qAG7FY+lAx32cr1XFFxXJ4lVWx69aQiCWARyFTmncoh+X+7TGGWPRRQImjaRRjdUgTrnvMfzpCGNuk7k/U0AdDoMRElv8A74/nWUzKR1+jaDK08Op3ykTLHgI3XPrQTc6TaaLAO20CG4oGeea3DJovij7VEPlZhMv9R/Or6F7o9Dt5FngSWM5R13CoMicUASiFiM1QDTC2OlKwHMaz4Yl1A7jsDbsjBo1RZn2HheT7T9hDgY+dm9K3hK0bmUtWX28HXgzskgb0ySP6VftUTylE+BL2dy17dRbF6RxZP+FZ892aLTYhh8OHVYmQHasZHtV1XbQimy+nw7VUBW43Z65rDU0uOHw+5+aYY9v/ANVK
B64 4jI1vwna6RG0007NzhR0LU9S0xvh7wT/AG3Z/a5Lnyl3YEez73vmi/YVzZ/4Vsn/AD8f5/KlqK4kvw7giAK3Dt+VGoXFbwcHH32pXYDH8ErJH5e44+tF2FzOf4dXlyA8FzB7rJkY/SruPmEj+F+olv3t1aKvqpY/0p3HzmLr/hC60GZN5EsL/clAx+FO5XNoaOleAJtS02O6W7SN5ORG69vrU3J5zXsvhnL832y5i9vKyf5ilqTzFbxB4Jj0iwN3Cslyi/f+bbt96NS0Z+j+CJ9Ws/PluDZ5b5VMOdw9etPmJ5jYj+Fowd2pAv2PlU7hzkGo/DO5jt91percP3R12Z+lCY1Io+G/B8ep2Usl48sYD7YwuPxouDk7mzF8MrTfltSkx6eVg/zpXYuck1H4bWU0X+i3kqSjvLhgfyoBTPOdR0afTb6W1nx5kZ5K9Ks15gsNNe9vIbaMcu2KklyO5/4VxbSP+71CSMf7UW7+oouZ85Yh+GWngfvr+eQ/7ChP
B64 8aLh7RkE3w52XSMlwjW38Q6NSK5zUtfB9lDLuSScD+6TkCptcltm6qN2Y0gF59aAJdoc5JoAXyRTAy9V8PW2sCJZmceX0KHmgZZtLKPTbaO1iZii9N55qRF6JE281QiUADo1ADguf4qAIbj/AFYPpQA+KGFRu2gOw+Y96YibatAC7BigDHsLUw3dyhxsZsjAq56omO5t7E7NUlBsX+9QBz2u+G01bVbWeWT9wiYdB/F6UnsO5sWMcSJtChY+wHagRc2x/wB6mAnlqRjNICv5dSMmVIyvzjmqEPWOBB8tMAIB6UAUrzT7XUI/Iu4RLHnODSBFi3tbW2jWOJdiINoHtTAlIjoAjZaBCLHF3XmkMl/dYoAjIX+GmJkMcMcfAjQDrwKQyfMfpQAxvLPagNDNn0ewmuJJZbSKVnxuLpnpTAbb6LpdrMJ4rGFJR0KrSA0f3XoPyoAjbH8NAAp9eaQyTzfagCgi7T1qSiQR7+lMQpiG3igARAaAJwijmmBFJbea
B64 V+bGDkUgJvJ2p70AIi7jTEWBEF5BoGReT1GaQWHmLFMQqgZoAmKpj5aYEAtk87zOc07hYldMYqQEQDdzQBK0cb0wESGOMY7UAIyAUCBPvUDH7I6BDsRimMjZQKAFXFADtsNArCny6BkJXBxQIf8ALj5hQMfmLHQUCIzsPSkMioESAqOq0wDcnpSAjO3tQA2kMfvHTaKdxDSR6UDGY9KQxUbb/Cv5UIQvmD0oHczdo9akZPEvcGgQ5x8lMYxEpAS+V70CHCNvWmBKykrQBDGvXNAEwUetADtvvTAfs3jGaBkQQqxHbtQSSKvqaAH+WP79MoUoCmC1Ahvl7D7UCFHWgZJ5an+KgQGNcY3dKYhBGAKBgaBDwExyKBgVjIpiEwvSkMZtwKAHDGORmgAyn92mAmV9KQxpHNIQDp0zQAf8AxQCELD+7TGMI9KQrCrn+7n8KBBnn7tAxhPtQA2kAD6UAL/wGkBGf92mMohR/eqRk0eFPWgCQENxQAeXQA0UySQO
B64 vpQBKHGKCgXGaBCstACCgQ4SqP4TTGO3BvWgB6bSaAExTAUcUAP3KeooATKelMBwwQaBCdqBCqcLQMXPsKBC7vakMDTAZ1NAhxbHagYnmH+7QAm/npQAh60AICRSGHmPTATe1IBOSKAG4oACzUhDdzUDDJoAaRQITkCgY3c9AhuZKBlTZ71Axdv+1TGSxgZ+9QIlIzQBEKYiRQndqAJMR/3v1pDFGwfx0xDmdP79MAQI3Q5oANuDQIXgUhDxPEO1MoX7RF6GmAfaI/Si4C/aI/7tAhfPT+5RcA+0r/couAfaR/couMX7UP7lFwD7Uv8Azz/Wi4B9qH/PP9aLgH2sf3P1oAT7WP7n60XAT7WP7n60CE+2D+5RcBPtv+zRcBpvf9kUDE+2n+6KQCfbW/uigBPtrf3VpgN+2t/dWkAn2xv7q07gN+2n+6tADftrf3VpAJ9sb0FACfbH9FpgJ9sf2pAJ9rf2pAN+1P7UAZwapuWOBpkliB9slIC/v20xEDsd
B64 3tTAhLc0hhmgQ7dQAu6gZYt32vQBPIaoREJOKBEdAC5oAKAHUAGaBDs0DFBoAWgBM0DEzQAmaBDaBBQAlACUDCmAlIYlMBKVxjc0hDc0xCUAJQMTNACUgCgYUAJSApg1JQ8UxEi0CLofMeafQCMvmgBlABQA6kIUUwJFNBRPNLtg3+1UQZ2lyvLZea7Z3sSv07UgRcoGLTAWgQuaBC0DCgB2aQBmmAZoGJQISgBKBCUDCgBKBiUgEpjEzQITNIBhNACZpgJmkAZoASgYlAhM0AG6gYmaAM4TL6isihRdwj/lov50wH/bIP8Anqn/AH1RzBYWTVraC2c+ah9ADT5kPlYlvfI1sjPIoJGTzRckk/tC2/5+I/8Avqi4C/2laf8APxF/32KoWgrajbIu4zJj61IDDq9kqhjOMHjNVYnmQv8Aa1pjPm/pT5WT7SJBeausunulsz7+zAEU0JyVrDrfVrGG2jiEv3FA+6akpMnGt2f9/wDSkVcafEFirbTIc/Sm
B64 FxD4gs17t+VArjf+Eks/9r9KLgH/AAktn6P+n+NMBw8RWx/hb9KZPMgPiG2/uvQLnQn/AAkdt/degOdEf/CSwf8APNqQ+YP+Ekh7R/rT1FzgfEICk+T+GaaTJ9qitH4r8yTZ9jk/OjlY3VSLX9vcn9z+tOxn7cjl8QlVJSLf+NFhxrXGHxEd0IEI/eKDnd0rOTSRtTk5Cza88aBkjDfNg+1KLugldOxH/wAJBJ0aMZPStFEy9qRN4ikHSJaLD9oxn/CRzd40pWHzsUeIW/6Z1XKieeQ1/EDAfKYvzp8qBVJ9io/ie4B48mpaNE2M/wCEpn/6YilYepKniORz99PwFUQ3MJPETr/y0Gf92q5USpTKkniS6P3Jl/75qLGl2LBrl9IxzP8A+OilYq5P/a935uPO/DFIWpgqoRNu7ArkueiylFH8pXkerVq+4l2LqiT7qqTSJvYltw8p5DUWsEpaDleWRi/7wD+7WljCRL5cu3jOPWtUYEvl/v03E4DctSZC
B64 2JJtzxyj5ivIyBWTvznTTsoWFhheSJFMUrxgZXYv8VbRfc5ZL+Umaxu9u/aQo65p3J5R5SQWm0etFxRKf2aQiouakttYyvcrzgUCKl7M0N20eAQvfFOxdi1fWVxti8j5iaEToUP7P1X/AJ5LTKuiQaXqv91P1pCuWItK1X+IRY9s/wCFVEzbROulah6f5/KnoRqLJo+qH7pXHuKBxIRourHr5f5VOhpcmj0LUz/y1A/4BTJ+RP8A2Ff7cfaDn121WhAsfh3Uc/NfNj/c/wDr0gfoWP7EuRnJLe+aHYjkkWYNEkhZJYZmV0O4Fkzg1nzG3s77lW50mSGS3xyRn5vLxUv3kax90eLKcuts3zKW3Z2dKUVZEz1dy5/wj8boEcswFacxHsuplyeEQXb94+M8c1Vx2YL4PixyzH/gVO4e8W4vDwiTauMfSn7RmbpXCXwzDMPmTn8aHIaptFQ+Drct9w/rUXNtSRPCFvnmPP4UE2ZYTwzHF9xNv0FPmJ5L7jj4
B64 dQ9Y8/8AAaLjVMZ/wjEX/PH9BU3K5Rf+EZUH5YyDSKIr7w7dyeW8QG5e1HkMqW+gTBMPEKxsbORbs9CnhjK4j690zTsTcvrpdz0LJj2TH9aYiNdARekX60DJF0Af88f1p2JLUOjmMYUYFMmw6XRmmiZMtzSGQR+G5BB5e/P4UxWLdtoLQR7AzYphYs/2L68/U0AO/sb2GKYrDv7F+lAWF/sQHrigdjLn8DW1xPJIZmG85IFFx2NaPQoo1AXaMe1IXKSf2Qn98Ux2Hf2TF/z0pBYd/ZkX/PSmHKH9nW//AD0/WmLlHfYLb++KA5Q+xWn94UgsH2Sy/vUBYPs9kP4hQPlF2WQ7imFg/wBBFAuUXfZCkOw3zrH0/SgYn2qwX+H9KAF+3WPo35UxaDTf2H9xqQ9CP+0bX/nnQAn9qW3/ADw/WgQf2tB/z7LTGL/bEX/PpF+tK4xp1pP+fWH8qLgQnWf+mUf5UAMOsf7CflSAT+1m/ur+VADf7Uf0FAxP7Tf2
B64 pAVxqf8AsCpAeNT/ANkUxDxqR9BSAd/aL+1MY77e9Ahft0nrTAd9tk9aAF+2S/3qAF+2Sf3qBC/a5P7xoAPtT/3jTAX7Q/8AepAHnN60AJ5zetMBfNb1oAPMPrQITefWmAbz60AJvNIY3f70wG+ZQIb5lMYnme9Ahvme9ADfMoAjMnvQAwy0ARmakA3zx6igCM3SA8yL+dADDfQDrPH/AN9UAN/tG1H/AC8xf99ikUH9q2P/AD9wf9/BQMP7Vsf+fuH/AL7FAER1ey/5+k/OgRC2t2C/8vA/I0BYhPiCwH/Lf/xw0D5WJ/wkVh/z1P8A3waLDsxR4isv7z/980WYWF/4SK0/6aflU2ZVh/8AaNqOtxH/AN90jPUcNUs/+fqH/vumFh41ay/5+ov++qYDhrNj/wA/KUDF/t2w/wCfgfkaAF/t/T/+e/8A44aYDv8AhILD/nqf++TSEJ/wkdl6uf8AgNMBP+Ems/7kv5UAJ/wlFr/zym/T/GgLB/wlFv8A
B64 88Zf0pisIfFMX/Pu/wCdADP+EqHa1/8AH6AG/wDCVn/n1H/fz/61MYf8JXJ/z7r/AN9UhDf+Eqn/AOeMdFgG/wDCUXfaOH8j/jQIP+Envf7sP/fJ/wAaBjD4kvT/AM8v++aYiM+IL7/noo/4DSGRNr2of8/P/jopjIW13UP+fo/98iqAiOt3p/5emosIiOr3Z/5epv8Avqiwxn9pXX/P1P8A9/DTsMia/uP+fiX/AL7NFhED3kp6yuf+BUWCxA09FkUM8we1ADfNFAhRNQMes2aQyYSVI7D91IY0tQBXZ6oCu02O9MBBcD1pWGTLL70AP80DvSKsVBLTIH+dQIeJaAHCWgCRZaBEgmpBYd5/vTEL9o96Qw+0gfxUyQ+1r/eoGH2xf7woFYPt0f8AfFAWG/2hDj/WCiwWIzqcI/5aCmFg/tWD/nqtFh8of2lF60WEOGpJ2Df980+UViQX/fy5f++TRygSLcSP922uD9IjU2AkxdHpZXH/AH7NAhfKve1l
B64 N+VMLkT2+of8+Un5j/Gmh6FCRrtD/qP/AB4VoojI996f+WI/Oq5StB2L8/8ALNf++qXIBILbUW/5Zp+dLlDQjntb2GMvK0SL680KIGMbm5J+U5/Cq5CtBd156/pR7MXujWa8Azuo5B6AhuW/jNLlQFiNLkNlmYj2ocBqSOi07T7e+4W7kDf3SRXPPmjuaWvsbKeEif8AltJ/30Ky5xEo8If7bn/gVLmYCN4Pjx1P/fVPnYzz/VrP7NqM0Kt8qtjrXXDYGUBEfWrsK5r2N0IcLPbxyL+tRKkTc3Yv7HuU+Uqjf3WFYyjNHRTszkvtj+tbcpzWD7XJ60+UB322b+9RygH2uX+9RyisOF9N6/pRyIdh32+U0/ZisH22TFLkAb9pNPlAd9qGOY1/M0uUBy3Mf/PvHRyCJlvbcf8AMPtvyo5BakyajbDrp9sf+A0cgtSyNYtQMf2Zb/gP/rUuR9xB/atlnP2Af8CcmjkAtxa5ZIOLYr/uALRyMmxOmu6f/wA+
B64 8mfWjlYWLUev6P8AxQz0cshWLsPiXQl5+yyCpcZisWx4r0T+4/5UuRhYf/wleiY4Rj/wGhQkMrT+K7D/AJZKB9RWipgZcuuWs5/eTfkKtaDsMS/03++Kq4yzHe6Yf+W0dTzAXo7zTf4ZY6VwHy6hZQxF/MVsdh3pXA5nxEHmlgkWYPDIm4KP4DTixmUkIHaqESbS3FO4DXiOzpSA3LfU9LNtBY3dnNLEn/LaQjKfl2rKwEF7qdx5slnbyQG1/wCmEWwNVxsPYoqki/MAfrT0KvY1rLxFe2fVvNX0aspUE9jVVe50lj4qtZ+JP3be9c0qckWuVmr9sgkTIcVmPlPJNUzJqFwR3c16ENjOW5UVMVqZi0wFzUjM3NTyjCgBd1OwBuoAN1ADhJimIN1IYZpiFzQIXdQMXfQIN1MQ8PRYB27iixIu+gY7fTELuoEOV6LCLIjyud4q1Az5hnnGI8UtityJpi3WkykiPfSKE30CDzKBh5lAh++gY0yUAN8w0AP8
B64 5/7xoATzn/vNSsAonf8AvH86LAKLh+zNRYCX+0LjbjzmxS5UAz7S/wDep2GKLuQfx0uUCZdTuQMCZqXIirtFY3UhPWnyoBn2mT1phYb57+tAB5zUAUM1JqG6gBN1IAzTAXNAhc0CFzTAXNAgBoAdmmIM0AGaAFzQIXNMQ7NABuoCwuaBC5piF3n1oAN1IA3UwsJupAJmmMWgBaQhQaAAc0xB0pDEzQAUwEzQAZoGLQMKBC8UAJmixQZoAbmgQUgEzQMoZqDcKAAGkAuaBC76YWDdQA7dQIN1AC5oAdmmIM0CDNAWHCmIM0wDNAC0CFFADs0hBmmIXNACZoAXNABTAXNACZpALTEKGxTCwZoAKACgApAFMBaAHDmgBKAEoASkAlIY3NAwzQBn5rI6RaYgoAKYBQIWgAoAftOKrlJuJSGGaBDs0AKDQAtMQZoAWgApiHUhC7qYgzQAUALmgAzQAuaAFoEJmmAopAKKYEqxlqZIrRFKdhXIqRQtMRZtbZ7h
B64 sLipZLLn9j3HtS50K5NDoVzwzR/u+5pOSFcl13RfsKxzRcxMKmnPmKTMGtUUO2rjrSAQrSGRMMUxjKBlCsToDNAC5oAKAFpiCgB1MQZpiFoAKAHUAPxxQSFAxMVQgpALQA6mIKACgQtABQAtAC0xBQAYoAeBTEWYrbdV2MnIUxmPpRYaZEZG70h2IyakoM0AWrd8H5WKn1oIZ0Een3gCSec5U+9Y3RJtf6feQfZ4PkwOtSuVbiK6xzPYS2V2Cx/hNPaV0M466tnt5mR1wa3LIYzhqGMs5UDpUEkMmxxTKRTPFMsz6xOkKACgBaACgQtAC1QhaAFoAWgQ5aYh5HFMQ3NMB1IBaBBTAcKZI/GaBDhCx7UCuSfZmp2DmImTFIZHQMdQIM0gFzQAoqhEizstXcXKL5rNRcViNjUlDc0gDvQBIhxQJndaNfJNpm2TGUrnkrMwNG01COGYGpaAuX7xRyLOP4qUddAOa8R2yXFv9sUrkdRW1J/ZLicdW5ZKPmTF
B64 SBDtYGgYSLkZxUgj/9k=
JPG_END
>>> 